// Jest Snapshot v1, https://goo.gl/fbAQLP

exports[`LoginForm match snapshot with default props 1`] = `
<div
  className="center"
>
  <Layout>
    <Content>
      <Row
        justify="center"
        type="flex"
      >
        <Col>
          <Form>
            <Title>
              <FormattedMessage
                id="application.theMovieDB"
              />
            </Title>
            <Field
              component={[Function]}
              name="username"
              placeholder="Username"
              prefix={
                <ForwardRef(UserOutlined)
                  style={
                    Object {
                      "color": "rgba(0,0,0,.25)",
                    }
                  }
                />
              }
            />
            <Field
              component={[Function]}
              name="password"
              placeholder="Password"
              prefix={
                <ForwardRef(LockOutlined)
                  style={
                    Object {
                      "color": "rgba(0,0,0,.25)",
                    }
                  }
                />
              }
              type="password"
            />
            <FormItem>
              <Button
                htmlType="submit"
                type="primary"
              >
                Log in
              </Button>
            </FormItem>
          </Form>
        </Col>
      </Row>
    </Content>
  </Layout>
</div>
`;
