// Jest Snapshot v1, https://goo.gl/fbAQLP

exports[`Pagination when isLoading matches snapshot 1`] = `
<PrivateLayout>
  <SearchForm />
  <div
    className="top-margin"
  >
    <MoviesLoader />
  </div>
</PrivateLayout>
`;

exports[`Pagination with default props matches snapshot 1`] = `
<PrivateLayout>
  <SearchForm />
  <div
    className="top-margin"
  >
    <Row
      gutter={16}
      type="flex"
    >
      <Col
        className="gutter-row"
        offset={2}
        span={20}
      >
        <Row
          gutter={
            Object {
              "lg": 32,
              "md": 24,
              "sm": 16,
              "xs": 8,
            }
          }
        >
          <Col
            key="2"
            lg={
              Object {
                "span": 8,
              }
            }
            md={
              Object {
                "span": 8,
              }
            }
            sm={
              Object {
                "span": 12,
              }
            }
            xl={
              Object {
                "span": 6,
              }
            }
            xs={
              Object {
                "span": 24,
              }
            }
          >
            <MovieCard
              description="test"
              image="test"
              title="test"
            />
          </Col>
        </Row>
      </Col>
    </Row>
    <Pagination
      current={1}
      onChange={[MockFunction]}
      total={20}
    />
  </div>
</PrivateLayout>
`;
