// Jest Snapshot v1, https://goo.gl/fbAQLP

exports[`PaginationComponent matches snapshot 1`] = `
<Row
  justify="center"
  type="flex"
>
  <Col>
    <Pagination
      className="pagination"
      current={1}
      defaultCurrent={1}
      defaultPageSize={20}
      onChange={[Function]}
      showSizeChanger={false}
      total={1}
    />
  </Col>
</Row>
`;
