// Jest Snapshot v1, https://goo.gl/fbAQLP

exports[`MoviesPage matches snapshot 1`] = `
<PrivateLayout>
  <withRouter(Connect(WithFormik(SearchForm))) />
  <div
    className="top-margin"
  >
    <RenderCtrl
      isEmpty={false}
      isLoading={false}
      renderEmpty={
        <EmptyState
          title="No movies found"
        />
      }
      renderList={
        <MoviesList
          movies={
            Array [
              Object {
                "id": 1,
                "original_title": "test",
                "overview": "test",
                "poster_path": "uri",
              },
            ]
          }
        />
      }
      renderLoading={<Loader />}
    />
  </div>
</PrivateLayout>
`;
