// Jest Snapshot v1, https://goo.gl/fbAQLP

exports[`MoviesPage matches snapshot 1`] = `
<PrivateLayout>
  <withRouter(Connect(WithFormik(SearchForm))) />
  <div
    className="top-margin"
  >
    <RenderCtrl
      isEmpty={false}
      isLoading={false}
      renderEmpty={
        <EmptyState
          title="No movies found"
        />
      }
      renderList={<Memo(Connect(DashboardMovies)) />}
      renderLoading={<Loader />}
    />
  </div>
</PrivateLayout>
`;
