// Jest Snapshot v1, https://goo.gl/fbAQLP

exports[`SearchFormComponent matches snapshot 1`] = `
<Row
  justify="center"
>
  <Col
    className="gutter-row"
    lg={
      Object {
        "span": 12,
      }
    }
    md={
      Object {
        "span": 14,
      }
    }
    sm={
      Object {
        "span": 20,
      }
    }
    xl={
      Object {
        "span": 10,
      }
    }
    xs={
      Object {
        "span": 20,
      }
    }
  >
    <Form>
      <Field
        className="top-margin"
        component={[Function]}
        enterButton="Search"
        loading={false}
        name="search"
        onSearch={[Function]}
        placeholder="Enter movie name"
        prefix={
          <ForwardRef(CloseOutlined)
            onClick={[Function]}
          />
        }
        size="large"
        type="search"
      />
    </Form>
  </Col>
</Row>
`;
